// Jest Snapshot v1, https://goo.gl/fbAQLP

exports[`App renders correctly 1`] = `
"<div>
  <styled.div>
    <styled.div>
      <SearchBar handleSearch={[Function: handleSearch]} />
      <styled.div>
        <styled.h1>
          American Population Growth
        </styled.h1>
        <styled.img src=\\"population.png\\" alt=\\"Population Growth Clipart@pngkey.com\\" />
      </styled.div>
    </styled.div>
    <styled.div>
      <List cities={{...}} selectedCity={{...}} handleClick={[Function: handleSelectCity]} handleMore={[Function: handleMore]} />
      <Maps selectedCity={{...}} data={{...}} zoom={4} />
    </styled.div>
  </styled.div>
  <styled.p>
    © create with ❤ by Sandy
  </styled.p>
</div>"
`;
